viergewinnt                                                                                                             PAGE 1
  0080                   1     COLS EQU P0
  0090                   2     ROWS EQU P1
  00A0                   3     KEYPAD EQU P2
                         4
  0018                   5     AKTIVERSPIELER EQU 18h
                         6     ; Eingabebereit wenn 20.0 = 1
  0000                   7     EINGABEBEREIT EQU 00h
                         8
  0038                   9     SPIELER1 EQU 038h
  0040                  10     SPIELER2 EQU 040h
  0030                  11     SPIELER2AKTIV EQU 030h
                        12
                        13     cseg at 0h
0000 0120               14     ajmp init
                        15     cseg at 100h
                        16
                        17     org 0bh
****WARNING:ThisORGhaslowervaluethanthepreviousone
000B 120044             18     call timer
000E 32                 19     reti
                        20
                        21     org 20h
                        22     ; Init setzt Ausgänge und Speicherbereiche auf Initialwerte, aktiviert timer
                        23     init:
0020 850080             24     MOV COLS, 000h
0023 850090             25     MOV ROWS, 000h
0026 75A892             26     mov IE, #10010010b
0029 758902             27     mov tmod, #00000010b
002C 7F00               28     mov R7, #00h
002E 758AC0             29     mov tl0, #0c0h
0031 758CC0             30     mov th0, #0c0h
0034 D28C               31     setb tr0
0036 751838             32     mov aktiverspieler, #spieler1
0039 12005E             33     call display
003C D200               34     setb EINGABEBEREIT
003E C3                 35     clr C
                        36
                        37     loop:
                        38     ; Eingabe abfragen
003F 1200BF             39     call eingabe_abfragen
                        40     ; Spielstand aktualisieren
                        41
                        42     ; Spieler wechseln
                        43
0042 80FB               44     JMP loop
                        45
                        46     ; timer wird vom Timer-Interrupt gemerufen. Es inkrementiert den Counter in R7. Nach einer gewissen Z
                        47     timer:
0044 0F                 48     INC R7
0045 EF                 49     MOV A, R7
0046 9401               50     SUBB A, #01h ; Wenn bei der Subtraktion das Carry-Bit gesetzt wird, ist 1 größer als A
0048 5004               51     JNC timer_spieler2
                        52     timer_display:
004A 12005E             53     CALL display
004D 22                 54     RET
                        55     timer_spieler2:
004E 7F00               56     MOV R7, #00h
0050 E530               57     MOV A, SPIELER2AKTIV
0052 6005               58     JZ timer_spieler2_an ; Wenn akku Inhalt = SPIELER2AKTIV gleich 0
0054 753000             59     MOV SPIELER2AKTIV, #00h
0057 80F1               60     JMP timer_display
                        61     timer_spieler2_an:
0059 7530FF             62     MOV SPIELER2AKTIV, #0FFh
005C 80EC               63     JMP timer_display
                        64
                        65
                        66     ; Display gibt das Spielbrett aus. Falls in SPIELER2AKTIV FFh steht, werden beide Zustände ausgegeben
                        67     display:
005E E530               68     MOV A, SPIELER2AKTIV
0060 5540               69     ANL A, SPIELER2
0062 4538               70     ORL A, SPIELER1
0064 F580               71     MOV COLS, A
0066 D290               72     SETB ROWS.0
0068 C290               73     CLR ROWS.0
006A E530               74     MOV A, SPIELER2AKTIV
006C 5541               75     ANL A, SPIELER2 + 1
006E 4539               76     ORL A, SPIELER1 + 1
0070 F580               77     MOV COLS, A
0072 D291               78     SETB ROWS.1
0074 C291               79     CLR ROWS.1
0076 E530               80     MOV A, SPIELER2AKTIV
0078 5542               81     ANL A, SPIELER2 + 2
007A 453A               82     ORL A, SPIELER1 + 2
007C F580               83     MOV COLS, A
007E D292               84     SETB ROWS.2
0080 C292               85     CLR ROWS.2
0082 E530               86     MOV A, SPIELER2AKTIV
0084 5543               87     ANL A, SPIELER2 + 3
0086 453B               88     ORL A, SPIELER1 + 3
0088 F580               89     MOV COLS, A
008A D293               90     SETB ROWS.3
008C C293               91     CLR ROWS.3
008E E530               92     MOV A, SPIELER2AKTIV
0090 5544               93     ANL A, SPIELER2 + 4
0092 453C               94     ORL A, SPIELER1 + 4
0094 F580               95     MOV COLS, A
0096 D294               96     SETB ROWS.4
0098 C294               97     CLR ROWS.4
009A E530               98     MOV A, SPIELER2AKTIV
009C 5545               99     ANL A, SPIELER2 + 5
009E 453D              100     ORL A, SPIELER1 + 5
00A0 F580              101     MOV COLS, A
00A2 D295              102     SETB ROWS.5
00A4 C295              103     CLR ROWS.5
00A6 E530              104     MOV A, SPIELER2AKTIV
00A8 5546              105     ANL A, SPIELER2 + 6
00AA 453E              106     ORL A, SPIELER1 + 6
00AC F580              107     MOV COLS, A
00AE D296              108     SETB ROWS.6
00B0 C296              109     CLR ROWS.6
00B2 E530              110     MOV A, SPIELER2AKTIV
00B4 5547              111     ANL A, SPIELER2 + 7
00B6 453F              112     ORL A, SPIELER1 + 7
00B8 F580              113     MOV COLS, A
00BA D297              114     SETB ROWS.7
00BC C297              115     CLR ROWS.7
00BE 22                116     RET
                       117
                       118     eingabe_abfragen:
                       119     ; Wenn wir nicht eingabebereit sind, dann gehen wir wieder zurück
00BF 300023            120     jnb eingabebereit, eingabe_fertig
                       121     ; Lesen, welcher Button auf dem Keypad gedrückt wurde
                       122     ; R3 = Eingabe
00C2 E5A0              123     mov a, p2
00C4 F4                124     cpl a
00C5 FB                125     mov r3, a
                       126     ; TODO: Gegebenenfalls überprüfen, ob mehrere Buttons gedrückt wurden
                       127     ; R2 = Schleifenzähler
00C6 7A07              128     mov r2, #07h
                       129
                       130     vergleich:
                       131
00C8 7438              132     mov a, #SPIELER1
00CA 2A                133     add a, r2
00CB F8                134     mov r0, a
00CC E6                135     mov a, @R0
00CD 5B                136     anl a, r3
00CE F9                137     mov r1, a
                       138
00CF 7440              139     mov a, #SPIELER2
00D1 2A                140     add a, r2
00D2 F8                141     mov r0, a
00D3 E6                142     mov a, @R0
00D4 5B                143     anl a, r3
                       144
00D5 49                145     orl a, r1
                       146     ; Wir können einfügen
00D6 6006              147     jz einfuegen
                       148     ; Schleifenabbruch
00D8 EA                149     mov a, r2
00D9 600A              150     jz eingabe_fertig
                       151
00DB 1A                152     dec r2
00DC 80EA              153     jmp vergleich
                       154
                       155     einfuegen:
00DE E518              156     mov a, AKTIVERSPIELER
00E0 2A                157     add a, r2
00E1 F8                158     mov r0, a
00E2 E6                159     mov a, @r0
00E3 4B                160     orl a, r3
00E4 F6                161     mov @r0, a
                       162
                       163     eingabe_fertig:
00E5 22                164     ret
                       165
                       166     end
ASSEMBLY COMPLETE, NO ERRORS FOUND, 1 WARNING


ERROR SUMMARY:
Line 17, WARNING:ThisORGhaslowervaluethanthepreviousone

SYMBOL TABLE:
??MCU_8051_IDE . . . . . . . . . . .  N  NUMB  8051H  NOT USED
??VERSION. . . . . . . . . . . . . .  N  NUMB  0149H  NOT USED
AC . . . . . . . . . . . . . . . . .  B  ADDR  00D6H  NOT USED
ACC. . . . . . . . . . . . . . . . .  D  ADDR  00E0H  NOT USED
ACSR . . . . . . . . . . . . . . . .  D  ADDR  0097H  NOT USED
ADCF . . . . . . . . . . . . . . . .  D  ADDR  00F6H  NOT USED
ADCLK. . . . . . . . . . . . . . . .  D  ADDR  00F2H  NOT USED
ADCON. . . . . . . . . . . . . . . .  D  ADDR  00F3H  NOT USED
ADDH . . . . . . . . . . . . . . . .  D  ADDR  00F5H  NOT USED
ADDL . . . . . . . . . . . . . . . .  D  ADDR  00F4H  NOT USED
AKTIVERSPIELER . . . . . . . . . . .  N  NUMB  0018H
AUXR . . . . . . . . . . . . . . . .  D  ADDR  008EH  NOT USED
AUXR1. . . . . . . . . . . . . . . .  D  ADDR  00A2H  NOT USED
B. . . . . . . . . . . . . . . . . .  D  ADDR  00F0H  NOT USED
BDRCON . . . . . . . . . . . . . . .  D  ADDR  009BH  NOT USED
BDRCON_1 . . . . . . . . . . . . . .  D  ADDR  009CH  NOT USED
BRL. . . . . . . . . . . . . . . . .  D  ADDR  009AH  NOT USED
CCAP0H . . . . . . . . . . . . . . .  D  ADDR  00FAH  NOT USED
CCAP0L . . . . . . . . . . . . . . .  D  ADDR  00EAH  NOT USED
CCAP1H . . . . . . . . . . . . . . .  D  ADDR  00FBH  NOT USED
CCAP1L . . . . . . . . . . . . . . .  D  ADDR  00EBH  NOT USED
CCAP2H . . . . . . . . . . . . . . .  D  ADDR  00FCH  NOT USED
CCAP3H . . . . . . . . . . . . . . .  D  ADDR  00FDH  NOT USED
CCAP4H . . . . . . . . . . . . . . .  D  ADDR  00FEH  NOT USED
CCAPL2H. . . . . . . . . . . . . . .  D  ADDR  00FCH  NOT USED
CCAPL2L. . . . . . . . . . . . . . .  D  ADDR  00ECH  NOT USED
CCAPL3H. . . . . . . . . . . . . . .  D  ADDR  00FDH  NOT USED
CCAPL3L. . . . . . . . . . . . . . .  D  ADDR  00EDH  NOT USED
CCAPL4H. . . . . . . . . . . . . . .  D  ADDR  00FEH  NOT USED
CCAPL4L. . . . . . . . . . . . . . .  D  ADDR  00EEH  NOT USED
CCAPM0 . . . . . . . . . . . . . . .  D  ADDR  00DAH  NOT USED
CCAPM1 . . . . . . . . . . . . . . .  D  ADDR  00DBH  NOT USED
CCAPM2 . . . . . . . . . . . . . . .  D  ADDR  00DCH  NOT USED
CCAPM3 . . . . . . . . . . . . . . .  D  ADDR  00DDH  NOT USED
CCAPM4 . . . . . . . . . . . . . . .  D  ADDR  00DEH  NOT USED
CCF0 . . . . . . . . . . . . . . . .  B  ADDR  00D8H  NOT USED
CCF1 . . . . . . . . . . . . . . . .  B  ADDR  00D9H  NOT USED
CCF2 . . . . . . . . . . . . . . . .  B  ADDR  00DAH  NOT USED
CCF3 . . . . . . . . . . . . . . . .  B  ADDR  00DBH  NOT USED
CCF4 . . . . . . . . . . . . . . . .  B  ADDR  00DCH  NOT USED
CCON . . . . . . . . . . . . . . . .  D  ADDR  00D8H  NOT USED
CFINT. . . . . . . . . . . . . . . .  C  ADDR  0033H  NOT USED
CH . . . . . . . . . . . . . . . . .  D  ADDR  00F9H  NOT USED
CKCON. . . . . . . . . . . . . . . .  D  ADDR  008FH  NOT USED
CKCON0 . . . . . . . . . . . . . . .  D  ADDR  008FH  NOT USED
CKRL . . . . . . . . . . . . . . . .  D  ADDR  0097H  NOT USED
CKSEL. . . . . . . . . . . . . . . .  D  ADDR  0085H  NOT USED
CL . . . . . . . . . . . . . . . . .  D  ADDR  00E9H  NOT USED
CLKREG . . . . . . . . . . . . . . .  D  ADDR  008FH  NOT USED
CMOD . . . . . . . . . . . . . . . .  D  ADDR  00D9H  NOT USED
COLS . . . . . . . . . . . . . . . .  N  NUMB  0080H
CPRL2. . . . . . . . . . . . . . . .  B  ADDR  00C8H  NOT USED
CR . . . . . . . . . . . . . . . . .  B  ADDR  00DEH  NOT USED
CT2. . . . . . . . . . . . . . . . .  B  ADDR  00C9H  NOT USED
CY . . . . . . . . . . . . . . . . .  B  ADDR  00D7H  NOT USED
DISPLAY. . . . . . . . . . . . . . .  C  ADDR  005EH
DP0H . . . . . . . . . . . . . . . .  D  ADDR  0083H  NOT USED
DP0L . . . . . . . . . . . . . . . .  D  ADDR  0082H  NOT USED
DP1H . . . . . . . . . . . . . . . .  D  ADDR  0085H  NOT USED
DP1L . . . . . . . . . . . . . . . .  D  ADDR  0084H  NOT USED
DPH. . . . . . . . . . . . . . . . .  D  ADDR  0083H  NOT USED
DPL. . . . . . . . . . . . . . . . .  D  ADDR  0082H  NOT USED
EA . . . . . . . . . . . . . . . . .  B  ADDR  00AFH  NOT USED
EC . . . . . . . . . . . . . . . . .  B  ADDR  00AEH  NOT USED
EECON. . . . . . . . . . . . . . . .  D  ADDR  0096H  NOT USED
EINFUEGEN. . . . . . . . . . . . . .  C  ADDR  00DEH
EINGABEBEREIT. . . . . . . . . . . .  N  NUMB  0000H
EINGABE_ABFRAGEN . . . . . . . . . .  C  ADDR  00BFH
EINGABE_FERTIG . . . . . . . . . . .  C  ADDR  00E5H
ES . . . . . . . . . . . . . . . . .  B  ADDR  00ACH  NOT USED
ET0. . . . . . . . . . . . . . . . .  B  ADDR  00A9H  NOT USED
ET1. . . . . . . . . . . . . . . . .  B  ADDR  00ABH  NOT USED
ET2. . . . . . . . . . . . . . . . .  B  ADDR  00ADH  NOT USED
EX0. . . . . . . . . . . . . . . . .  B  ADDR  00A8H  NOT USED
EX1. . . . . . . . . . . . . . . . .  B  ADDR  00AAH  NOT USED
EXEN2. . . . . . . . . . . . . . . .  B  ADDR  00CBH  NOT USED
EXF2 . . . . . . . . . . . . . . . .  B  ADDR  00CEH  NOT USED
EXTI0. . . . . . . . . . . . . . . .  C  ADDR  0003H  NOT USED
EXTI1. . . . . . . . . . . . . . . .  C  ADDR  0013H  NOT USED
F0 . . . . . . . . . . . . . . . . .  B  ADDR  00D5H  NOT USED
FE . . . . . . . . . . . . . . . . .  B  ADDR  009FH  NOT USED
IE . . . . . . . . . . . . . . . . .  D  ADDR  00A8H
IE0. . . . . . . . . . . . . . . . .  B  ADDR  0089H  NOT USED
IE1. . . . . . . . . . . . . . . . .  B  ADDR  008BH  NOT USED
INIT . . . . . . . . . . . . . . . .  C  ADDR  0020H
INT0 . . . . . . . . . . . . . . . .  B  ADDR  00B2H  NOT USED
INT1 . . . . . . . . . . . . . . . .  B  ADDR  00B3H  NOT USED
IP . . . . . . . . . . . . . . . . .  D  ADDR  00B8H  NOT USED
IPH. . . . . . . . . . . . . . . . .  D  ADDR  00B7H  NOT USED
IPH0 . . . . . . . . . . . . . . . .  D  ADDR  00B7H  NOT USED
IPH1 . . . . . . . . . . . . . . . .  D  ADDR  00B3H  NOT USED
IPL0 . . . . . . . . . . . . . . . .  D  ADDR  00B8H  NOT USED
IPL1 . . . . . . . . . . . . . . . .  D  ADDR  00B2H  NOT USED
IT0. . . . . . . . . . . . . . . . .  B  ADDR  0088H  NOT USED
IT1. . . . . . . . . . . . . . . . .  B  ADDR  008AH  NOT USED
KBE. . . . . . . . . . . . . . . . .  D  ADDR  009DH  NOT USED
KBF. . . . . . . . . . . . . . . . .  D  ADDR  009EH  NOT USED
KBLS . . . . . . . . . . . . . . . .  D  ADDR  009CH  NOT USED
KEYPAD . . . . . . . . . . . . . . .  N  NUMB  00A0H  NOT USED
LOOP . . . . . . . . . . . . . . . .  C  ADDR  003FH
OSCCON . . . . . . . . . . . . . . .  D  ADDR  0086H  NOT USED
OV . . . . . . . . . . . . . . . . .  B  ADDR  00D2H  NOT USED
P. . . . . . . . . . . . . . . . . .  B  ADDR  00D0H  NOT USED
P0 . . . . . . . . . . . . . . . . .  D  ADDR  0080H  NOT USED
P1 . . . . . . . . . . . . . . . . .  D  ADDR  0090H  NOT USED
P1M1 . . . . . . . . . . . . . . . .  D  ADDR  00D4H  NOT USED
P1M2 . . . . . . . . . . . . . . . .  D  ADDR  00E2H  NOT USED
P2 . . . . . . . . . . . . . . . . .  D  ADDR  00A0H
P3 . . . . . . . . . . . . . . . . .  D  ADDR  00B0H  NOT USED
P3M1 . . . . . . . . . . . . . . . .  D  ADDR  00D5H  NOT USED
P3M2 . . . . . . . . . . . . . . . .  D  ADDR  00E3H  NOT USED
P4 . . . . . . . . . . . . . . . . .  D  ADDR  00C0H  NOT USED
P4M1 . . . . . . . . . . . . . . . .  D  ADDR  00D6H  NOT USED
P4M2 . . . . . . . . . . . . . . . .  D  ADDR  00E4H  NOT USED
P5 . . . . . . . . . . . . . . . . .  D  ADDR  00E8H  NOT USED
PC . . . . . . . . . . . . . . . . .  B  ADDR  00BEH  NOT USED
PCON . . . . . . . . . . . . . . . .  D  ADDR  0087H  NOT USED
PPCL . . . . . . . . . . . . . . . .  B  ADDR  00BEH  NOT USED
PS . . . . . . . . . . . . . . . . .  B  ADDR  00BCH  NOT USED
PSL. . . . . . . . . . . . . . . . .  B  ADDR  00BCH  NOT USED
PSW. . . . . . . . . . . . . . . . .  D  ADDR  00D0H  NOT USED
PT0. . . . . . . . . . . . . . . . .  B  ADDR  00B9H  NOT USED
PT0L . . . . . . . . . . . . . . . .  B  ADDR  00B9H  NOT USED
PT1. . . . . . . . . . . . . . . . .  B  ADDR  00BBH  NOT USED
PT1L . . . . . . . . . . . . . . . .  B  ADDR  00BBH  NOT USED
PT2. . . . . . . . . . . . . . . . .  B  ADDR  00BDH  NOT USED
PT2L . . . . . . . . . . . . . . . .  B  ADDR  00BDH  NOT USED
PX0. . . . . . . . . . . . . . . . .  B  ADDR  00B8H  NOT USED
PX0L . . . . . . . . . . . . . . . .  B  ADDR  00B8H  NOT USED
PX1. . . . . . . . . . . . . . . . .  B  ADDR  00BAH  NOT USED
PX1L . . . . . . . . . . . . . . . .  B  ADDR  00BAH  NOT USED
RB8. . . . . . . . . . . . . . . . .  B  ADDR  009AH  NOT USED
RCAP2H . . . . . . . . . . . . . . .  D  ADDR  00CBH  NOT USED
RCAP2L . . . . . . . . . . . . . . .  D  ADDR  00CAH  NOT USED
RCLK . . . . . . . . . . . . . . . .  B  ADDR  00CDH  NOT USED
RD . . . . . . . . . . . . . . . . .  B  ADDR  00B7H  NOT USED
REN. . . . . . . . . . . . . . . . .  B  ADDR  009CH  NOT USED
RESET. . . . . . . . . . . . . . . .  C  ADDR  0000H  NOT USED
RI . . . . . . . . . . . . . . . . .  B  ADDR  0098H  NOT USED
ROWS . . . . . . . . . . . . . . . .  N  NUMB  0090H
RS0. . . . . . . . . . . . . . . . .  B  ADDR  00D3H  NOT USED
RS1. . . . . . . . . . . . . . . . .  B  ADDR  00D4H  NOT USED
RXD. . . . . . . . . . . . . . . . .  B  ADDR  00B0H  NOT USED
SADDR. . . . . . . . . . . . . . . .  D  ADDR  00A9H  NOT USED
SADDR_0. . . . . . . . . . . . . . .  D  ADDR  00A9H  NOT USED
SADDR_1. . . . . . . . . . . . . . .  D  ADDR  00AAH  NOT USED
SADEN. . . . . . . . . . . . . . . .  D  ADDR  00B9H  NOT USED
SADEN_0. . . . . . . . . . . . . . .  D  ADDR  00B9H  NOT USED
SADEN_1. . . . . . . . . . . . . . .  D  ADDR  00BAH  NOT USED
SBUF . . . . . . . . . . . . . . . .  D  ADDR  0099H  NOT USED
SCON . . . . . . . . . . . . . . . .  D  ADDR  0098H  NOT USED
SINT . . . . . . . . . . . . . . . .  C  ADDR  0023H  NOT USED
SM0. . . . . . . . . . . . . . . . .  B  ADDR  009FH  NOT USED
SM1. . . . . . . . . . . . . . . . .  B  ADDR  009EH  NOT USED
SM2. . . . . . . . . . . . . . . . .  B  ADDR  009DH  NOT USED
SP . . . . . . . . . . . . . . . . .  D  ADDR  0081H  NOT USED
SPCON. . . . . . . . . . . . . . . .  D  ADDR  00C3H  NOT USED
SPCR . . . . . . . . . . . . . . . .  D  ADDR  00D5H  NOT USED
SPDAT. . . . . . . . . . . . . . . .  D  ADDR  00C5H  NOT USED
SPDR . . . . . . . . . . . . . . . .  D  ADDR  0086H  NOT USED
SPIELER1 . . . . . . . . . . . . . .  N  NUMB  0038H
SPIELER2 . . . . . . . . . . . . . .  N  NUMB  0040H
SPIELER2AKTIV. . . . . . . . . . . .  N  NUMB  0030H
SPSR . . . . . . . . . . . . . . . .  D  ADDR  00AAH  NOT USED
SPSTA. . . . . . . . . . . . . . . .  D  ADDR  00C4H  NOT USED
T0 . . . . . . . . . . . . . . . . .  B  ADDR  00B4H  NOT USED
T1 . . . . . . . . . . . . . . . . .  B  ADDR  00B5H  NOT USED
T2CON. . . . . . . . . . . . . . . .  D  ADDR  00C8H  NOT USED
T2MOD. . . . . . . . . . . . . . . .  D  ADDR  00C9H  NOT USED
TB8. . . . . . . . . . . . . . . . .  B  ADDR  009BH  NOT USED
TCLK . . . . . . . . . . . . . . . .  B  ADDR  00CCH  NOT USED
TCON . . . . . . . . . . . . . . . .  D  ADDR  0088H  NOT USED
TF0. . . . . . . . . . . . . . . . .  B  ADDR  008DH  NOT USED
TF1. . . . . . . . . . . . . . . . .  B  ADDR  008FH  NOT USED
TF2. . . . . . . . . . . . . . . . .  B  ADDR  00CFH  NOT USED
TH0. . . . . . . . . . . . . . . . .  D  ADDR  008CH
TH1. . . . . . . . . . . . . . . . .  D  ADDR  008DH  NOT USED
TH2. . . . . . . . . . . . . . . . .  D  ADDR  00CDH  NOT USED
TI . . . . . . . . . . . . . . . . .  B  ADDR  0099H  NOT USED
TIMER. . . . . . . . . . . . . . . .  C  ADDR  0044H
TIMER0 . . . . . . . . . . . . . . .  C  ADDR  000BH  NOT USED
TIMER1 . . . . . . . . . . . . . . .  C  ADDR  001BH  NOT USED
TIMER2 . . . . . . . . . . . . . . .  C  ADDR  002BH  NOT USED
TIMER_DISPLAY. . . . . . . . . . . .  C  ADDR  004AH
TIMER_SPIELER2 . . . . . . . . . . .  C  ADDR  004EH
TIMER_SPIELER2_AN. . . . . . . . . .  C  ADDR  0059H
TL0. . . . . . . . . . . . . . . . .  D  ADDR  008AH
TL1. . . . . . . . . . . . . . . . .  D  ADDR  008BH  NOT USED
TL2. . . . . . . . . . . . . . . . .  D  ADDR  00CCH  NOT USED
TMOD . . . . . . . . . . . . . . . .  D  ADDR  0089H
TR0. . . . . . . . . . . . . . . . .  B  ADDR  008CH
TR1. . . . . . . . . . . . . . . . .  B  ADDR  008EH  NOT USED
TR2. . . . . . . . . . . . . . . . .  B  ADDR  00CAH  NOT USED
TXD. . . . . . . . . . . . . . . . .  B  ADDR  00B1H  NOT USED
VERGLEICH. . . . . . . . . . . . . .  C  ADDR  00C8H
WDTCON . . . . . . . . . . . . . . .  D  ADDR  00A7H  NOT USED
WDTPRG . . . . . . . . . . . . . . .  D  ADDR  00A7H  NOT USED
WDTRST . . . . . . . . . . . . . . .  D  ADDR  00A6H  NOT USED
WR . . . . . . . . . . . . . . . . .  B  ADDR  00B6H  NOT USED