viergewinnt                                                                                                             PAGE 1
  0080                   1     COLS EQU P0
  0090                   2     ROWS EQU P1
  00A0                   3     KEYPAD EQU P2
                         4
  0018                   5     AKTIVERSPIELER EQU 18h
                         6     ; Eingabebereit wenn 20.0 = 1
  0000                   7     EINGABEBEREIT EQU 00h
                         8
  0038                   9     SPIELER1 EQU 038h
  0040                  10     SPIELER2 EQU 040h
  0030                  11     SPIELER2AKTIV EQU 030h
                        12
                        13     cseg at 0h
0000 0120               14     ajmp init
                        15     cseg at 100h
                        16
                        17     org 0bh
****WARNING:ThisORGhaslowervaluethanthepreviousone
000B F519               18     mov 19h, a
000D 120046             19     call timer
0010 E519               20     mov a, 19h
0012 32                 21     reti
                        22
                        23     org 20h
                        24     ; Init setzt Ausgänge und Speicherbereiche auf Initialwerte, aktiviert timer
                        25     init:
0020 850080             26     MOV COLS, 000h
0023 850090             27     MOV ROWS, 000h
0026 75A892             28     mov IE, #10010010b
0029 758902             29     mov tmod, #00000010b
002C 7E00               30     mov r6, #00h
002E 7F00               31     mov R7, #00h
0030 758AC0             32     mov tl0, #0c0h
0033 758CC0             33     mov th0, #0c0h
0036 D28C               34     setb tr0
0038 751838             35     mov aktiverspieler, #spieler1
003B 120069             36     call display
003E D200               37     setb EINGABEBEREIT
0040 C3                 38     clr C
                        39
                        40     loop:
                        41     ; Eingabe abfragen
0041 1200CA             42     call eingabe_abfragen
                        43     ; Spielstand aktualisieren
                        44
0044 80FB               45     JMP loop
                        46
                        47     ; timer wird vom Timer-Interrupt gemerufen. Es inkrementiert den Counter in R7. Nach einer gewissen Z
                        48     timer:
0046 0E                 49     INC R6
0047 EE                 50     MOV a, R6
0048 9402               51     subb a, #02h
004A 5001               52     jnc timer_show
004C 22                 53     ret
                        54     timer_show:
004D 0F                 55     INC R7
004E EF                 56     MOV A, R7
004F 9401               57     SUBB A, #01h ; Wenn bei der Subtraktion das Carry-Bit gesetzt wird, ist 1 größer als A
0051 5006               58     JNC timer_spieler2
                        59     timer_display:
0053 7E00               60     mov r6, #00h
0055 120069             61     CALL display
0058 22                 62     RET
                        63     timer_spieler2:
0059 7F00               64     MOV R7, #00h
005B E530               65     MOV A, SPIELER2AKTIV
005D 6005               66     JZ timer_spieler2_an ; Wenn akku Inhalt = SPIELER2AKTIV gleich 0
005F 753000             67     MOV SPIELER2AKTIV, #00h
0062 80EF               68     JMP timer_display
                        69     timer_spieler2_an:
0064 7530FF             70     MOV SPIELER2AKTIV, #0FFh
0067 80EA               71     JMP timer_display
                        72
                        73
                        74     ; Display gibt das Spielbrett aus. Falls in SPIELER2AKTIV FFh steht, werden beide Zustände ausgegeben
                        75     display:
0069 E530               76     MOV A, SPIELER2AKTIV
006B 5540               77     ANL A, SPIELER2
006D 4538               78     ORL A, SPIELER1
006F F580               79     MOV COLS, A
0071 D290               80     SETB ROWS.0
0073 C290               81     CLR ROWS.0
0075 E530               82     MOV A, SPIELER2AKTIV
0077 5541               83     ANL A, SPIELER2 + 1
0079 4539               84     ORL A, SPIELER1 + 1
007B F580               85     MOV COLS, A
007D D291               86     SETB ROWS.1
007F C291               87     CLR ROWS.1
0081 E530               88     MOV A, SPIELER2AKTIV
0083 5542               89     ANL A, SPIELER2 + 2
0085 453A               90     ORL A, SPIELER1 + 2
0087 F580               91     MOV COLS, A
0089 D292               92     SETB ROWS.2
008B C292               93     CLR ROWS.2
008D E530               94     MOV A, SPIELER2AKTIV
008F 5543               95     ANL A, SPIELER2 + 3
0091 453B               96     ORL A, SPIELER1 + 3
0093 F580               97     MOV COLS, A
0095 D293               98     SETB ROWS.3
0097 C293               99     CLR ROWS.3
0099 E530              100     MOV A, SPIELER2AKTIV
009B 5544              101     ANL A, SPIELER2 + 4
009D 453C              102     ORL A, SPIELER1 + 4
009F F580              103     MOV COLS, A
00A1 D294              104     SETB ROWS.4
00A3 C294              105     CLR ROWS.4
00A5 E530              106     MOV A, SPIELER2AKTIV
00A7 5545              107     ANL A, SPIELER2 + 5
00A9 453D              108     ORL A, SPIELER1 + 5
00AB F580              109     MOV COLS, A
00AD D295              110     SETB ROWS.5
00AF C295              111     CLR ROWS.5
00B1 E530              112     MOV A, SPIELER2AKTIV
00B3 5546              113     ANL A, SPIELER2 + 6
00B5 453E              114     ORL A, SPIELER1 + 6
00B7 F580              115     MOV COLS, A
00B9 D296              116     SETB ROWS.6
00BB C296              117     CLR ROWS.6
00BD E530              118     MOV A, SPIELER2AKTIV
00BF 5547              119     ANL A, SPIELER2 + 7
00C1 453F              120     ORL A, SPIELER1 + 7
00C3 F580              121     MOV COLS, A
00C5 D297              122     SETB ROWS.7
00C7 C297              123     CLR ROWS.7
00C9 22                124     RET
                       125
                       126     eingabe_abfragen:
                       127     ; Lesen, welcher Button auf dem Keypad gedrückt wurde
                       128     ; R3 = Eingabe
00CA E5A0              129     mov a, p2
00CC F4                130     cpl a
00CD FB                131     mov r3, a
00CE 6028              132     jz eingabe_null
                       133     ; TODO: Gegebenenfalls überprüfen, ob mehrere Buttons gedrückt wurden
                       134
                       135     ; Wenn wir nicht eingabebereit sind, dann gehen wir wieder zurück
00D0 300027            136     jnb eingabebereit, eingabe_fertig
                       137
                       138     ; R2 = Schleifenzähler
00D3 7A07              139     mov r2, #07h
                       140
                       141     vergleich:
                       142
00D5 7438              143     mov a, #SPIELER1
00D7 2A                144     add a, r2
00D8 F8                145     mov r0, a
00D9 E6                146     mov a, @R0
00DA 5B                147     anl a, r3
00DB F9                148     mov r1, a
                       149
00DC 7440              150     mov a, #SPIELER2
00DE 2A                151     add a, r2
00DF F8                152     mov r0, a
00E0 E6                153     mov a, @R0
00E1 5B                154     anl a, r3
                       155
00E2 49                156     orl a, r1
                       157     ; Wir können einfügen
00E3 6006              158     jz einfuegen
                       159     ; Schleifenabbruch
00E5 EA                160     mov a, r2
00E6 6012              161     jz eingabe_fertig
                       162
00E8 1A                163     dec r2
00E9 80EA              164     jmp vergleich
                       165
                       166     einfuegen:
00EB E518              167     mov a, AKTIVERSPIELER
00ED 2A                168     add a, r2
00EE F8                169     mov r0, a
00EF E6                170     mov a, @r0
00F0 4B                171     orl a, r3
00F1 F6                172     mov @r0, a
                       173
00F2 C200              174     clr EINGABEBEREIT
00F4 1200FB            175     call spieler_wechseln
00F7 22                176     ret
                       177
                       178     eingabe_null:
00F8 D200              179     setb EINGABEBEREIT
                       180     eingabe_fertig:
00FA 22                181     ret
                       182
                       183     spieler_wechseln:
00FB 7438              184     mov a, #SPIELER1
00FD B51804            185     cjne a, AKTIVERSPIELER, spieler_zwei
0100 751840            186     mov AKTIVERSPIELER, #SPIELER2
0103 22                187     ret
                       188     spieler_zwei:
0104 751838            189     mov AKTIVERSPIELER, #SPIELER1
0107 22                190     ret
                       191
                       192     end
ASSEMBLY COMPLETE, NO ERRORS FOUND, 1 WARNING


ERROR SUMMARY:
Line 17, WARNING:ThisORGhaslowervaluethanthepreviousone

SYMBOL TABLE:
??MCU_8051_IDE . . . . . . . . . . .  N  NUMB  8051H  NOT USED
??VERSION. . . . . . . . . . . . . .  N  NUMB  0149H  NOT USED
AC . . . . . . . . . . . . . . . . .  B  ADDR  00D6H  NOT USED
ACC. . . . . . . . . . . . . . . . .  D  ADDR  00E0H  NOT USED
ACSR . . . . . . . . . . . . . . . .  D  ADDR  0097H  NOT USED
ADCF . . . . . . . . . . . . . . . .  D  ADDR  00F6H  NOT USED
ADCLK. . . . . . . . . . . . . . . .  D  ADDR  00F2H  NOT USED
ADCON. . . . . . . . . . . . . . . .  D  ADDR  00F3H  NOT USED
ADDH . . . . . . . . . . . . . . . .  D  ADDR  00F5H  NOT USED
ADDL . . . . . . . . . . . . . . . .  D  ADDR  00F4H  NOT USED
AKTIVERSPIELER . . . . . . . . . . .  N  NUMB  0018H
AUXR . . . . . . . . . . . . . . . .  D  ADDR  008EH  NOT USED
AUXR1. . . . . . . . . . . . . . . .  D  ADDR  00A2H  NOT USED
B. . . . . . . . . . . . . . . . . .  D  ADDR  00F0H  NOT USED
BDRCON . . . . . . . . . . . . . . .  D  ADDR  009BH  NOT USED
BDRCON_1 . . . . . . . . . . . . . .  D  ADDR  009CH  NOT USED
BRL. . . . . . . . . . . . . . . . .  D  ADDR  009AH  NOT USED
CCAP0H . . . . . . . . . . . . . . .  D  ADDR  00FAH  NOT USED
CCAP0L . . . . . . . . . . . . . . .  D  ADDR  00EAH  NOT USED
CCAP1H . . . . . . . . . . . . . . .  D  ADDR  00FBH  NOT USED
CCAP1L . . . . . . . . . . . . . . .  D  ADDR  00EBH  NOT USED
CCAP2H . . . . . . . . . . . . . . .  D  ADDR  00FCH  NOT USED
CCAP3H . . . . . . . . . . . . . . .  D  ADDR  00FDH  NOT USED
CCAP4H . . . . . . . . . . . . . . .  D  ADDR  00FEH  NOT USED
CCAPL2H. . . . . . . . . . . . . . .  D  ADDR  00FCH  NOT USED
CCAPL2L. . . . . . . . . . . . . . .  D  ADDR  00ECH  NOT USED
CCAPL3H. . . . . . . . . . . . . . .  D  ADDR  00FDH  NOT USED
CCAPL3L. . . . . . . . . . . . . . .  D  ADDR  00EDH  NOT USED
CCAPL4H. . . . . . . . . . . . . . .  D  ADDR  00FEH  NOT USED
CCAPL4L. . . . . . . . . . . . . . .  D  ADDR  00EEH  NOT USED
CCAPM0 . . . . . . . . . . . . . . .  D  ADDR  00DAH  NOT USED
CCAPM1 . . . . . . . . . . . . . . .  D  ADDR  00DBH  NOT USED
CCAPM2 . . . . . . . . . . . . . . .  D  ADDR  00DCH  NOT USED
CCAPM3 . . . . . . . . . . . . . . .  D  ADDR  00DDH  NOT USED
CCAPM4 . . . . . . . . . . . . . . .  D  ADDR  00DEH  NOT USED
CCF0 . . . . . . . . . . . . . . . .  B  ADDR  00D8H  NOT USED
CCF1 . . . . . . . . . . . . . . . .  B  ADDR  00D9H  NOT USED
CCF2 . . . . . . . . . . . . . . . .  B  ADDR  00DAH  NOT USED
CCF3 . . . . . . . . . . . . . . . .  B  ADDR  00DBH  NOT USED
CCF4 . . . . . . . . . . . . . . . .  B  ADDR  00DCH  NOT USED
CCON . . . . . . . . . . . . . . . .  D  ADDR  00D8H  NOT USED
CFINT. . . . . . . . . . . . . . . .  C  ADDR  0033H  NOT USED
CH . . . . . . . . . . . . . . . . .  D  ADDR  00F9H  NOT USED
CKCON. . . . . . . . . . . . . . . .  D  ADDR  008FH  NOT USED
CKCON0 . . . . . . . . . . . . . . .  D  ADDR  008FH  NOT USED
CKRL . . . . . . . . . . . . . . . .  D  ADDR  0097H  NOT USED
CKSEL. . . . . . . . . . . . . . . .  D  ADDR  0085H  NOT USED
CL . . . . . . . . . . . . . . . . .  D  ADDR  00E9H  NOT USED
CLKREG . . . . . . . . . . . . . . .  D  ADDR  008FH  NOT USED
CMOD . . . . . . . . . . . . . . . .  D  ADDR  00D9H  NOT USED
COLS . . . . . . . . . . . . . . . .  N  NUMB  0080H
CPRL2. . . . . . . . . . . . . . . .  B  ADDR  00C8H  NOT USED
CR . . . . . . . . . . . . . . . . .  B  ADDR  00DEH  NOT USED
CT2. . . . . . . . . . . . . . . . .  B  ADDR  00C9H  NOT USED
CY . . . . . . . . . . . . . . . . .  B  ADDR  00D7H  NOT USED
DISPLAY. . . . . . . . . . . . . . .  C  ADDR  0069H
DP0H . . . . . . . . . . . . . . . .  D  ADDR  0083H  NOT USED
DP0L . . . . . . . . . . . . . . . .  D  ADDR  0082H  NOT USED
DP1H . . . . . . . . . . . . . . . .  D  ADDR  0085H  NOT USED
DP1L . . . . . . . . . . . . . . . .  D  ADDR  0084H  NOT USED
DPH. . . . . . . . . . . . . . . . .  D  ADDR  0083H  NOT USED
DPL. . . . . . . . . . . . . . . . .  D  ADDR  0082H  NOT USED
EA . . . . . . . . . . . . . . . . .  B  ADDR  00AFH  NOT USED
EC . . . . . . . . . . . . . . . . .  B  ADDR  00AEH  NOT USED
EECON. . . . . . . . . . . . . . . .  D  ADDR  0096H  NOT USED
EINFUEGEN. . . . . . . . . . . . . .  C  ADDR  00EBH
EINGABEBEREIT. . . . . . . . . . . .  N  NUMB  0000H
EINGABE_ABFRAGEN . . . . . . . . . .  C  ADDR  00CAH
EINGABE_FERTIG . . . . . . . . . . .  C  ADDR  00FAH
EINGABE_NULL . . . . . . . . . . . .  C  ADDR  00F8H
ES . . . . . . . . . . . . . . . . .  B  ADDR  00ACH  NOT USED
ET0. . . . . . . . . . . . . . . . .  B  ADDR  00A9H  NOT USED
ET1. . . . . . . . . . . . . . . . .  B  ADDR  00ABH  NOT USED
ET2. . . . . . . . . . . . . . . . .  B  ADDR  00ADH  NOT USED
EX0. . . . . . . . . . . . . . . . .  B  ADDR  00A8H  NOT USED
EX1. . . . . . . . . . . . . . . . .  B  ADDR  00AAH  NOT USED
EXEN2. . . . . . . . . . . . . . . .  B  ADDR  00CBH  NOT USED
EXF2 . . . . . . . . . . . . . . . .  B  ADDR  00CEH  NOT USED
EXTI0. . . . . . . . . . . . . . . .  C  ADDR  0003H  NOT USED
EXTI1. . . . . . . . . . . . . . . .  C  ADDR  0013H  NOT USED
F0 . . . . . . . . . . . . . . . . .  B  ADDR  00D5H  NOT USED
FE . . . . . . . . . . . . . . . . .  B  ADDR  009FH  NOT USED
IE . . . . . . . . . . . . . . . . .  D  ADDR  00A8H
IE0. . . . . . . . . . . . . . . . .  B  ADDR  0089H  NOT USED
IE1. . . . . . . . . . . . . . . . .  B  ADDR  008BH  NOT USED
INIT . . . . . . . . . . . . . . . .  C  ADDR  0020H
INT0 . . . . . . . . . . . . . . . .  B  ADDR  00B2H  NOT USED
INT1 . . . . . . . . . . . . . . . .  B  ADDR  00B3H  NOT USED
IP . . . . . . . . . . . . . . . . .  D  ADDR  00B8H  NOT USED
IPH. . . . . . . . . . . . . . . . .  D  ADDR  00B7H  NOT USED
IPH0 . . . . . . . . . . . . . . . .  D  ADDR  00B7H  NOT USED
IPH1 . . . . . . . . . . . . . . . .  D  ADDR  00B3H  NOT USED
IPL0 . . . . . . . . . . . . . . . .  D  ADDR  00B8H  NOT USED
IPL1 . . . . . . . . . . . . . . . .  D  ADDR  00B2H  NOT USED
IT0. . . . . . . . . . . . . . . . .  B  ADDR  0088H  NOT USED
IT1. . . . . . . . . . . . . . . . .  B  ADDR  008AH  NOT USED
KBE. . . . . . . . . . . . . . . . .  D  ADDR  009DH  NOT USED
KBF. . . . . . . . . . . . . . . . .  D  ADDR  009EH  NOT USED
KBLS . . . . . . . . . . . . . . . .  D  ADDR  009CH  NOT USED
KEYPAD . . . . . . . . . . . . . . .  N  NUMB  00A0H  NOT USED
LOOP . . . . . . . . . . . . . . . .  C  ADDR  0041H
OSCCON . . . . . . . . . . . . . . .  D  ADDR  0086H  NOT USED
OV . . . . . . . . . . . . . . . . .  B  ADDR  00D2H  NOT USED
P. . . . . . . . . . . . . . . . . .  B  ADDR  00D0H  NOT USED
P0 . . . . . . . . . . . . . . . . .  D  ADDR  0080H  NOT USED
P1 . . . . . . . . . . . . . . . . .  D  ADDR  0090H  NOT USED
P1M1 . . . . . . . . . . . . . . . .  D  ADDR  00D4H  NOT USED
P1M2 . . . . . . . . . . . . . . . .  D  ADDR  00E2H  NOT USED
P2 . . . . . . . . . . . . . . . . .  D  ADDR  00A0H
P3 . . . . . . . . . . . . . . . . .  D  ADDR  00B0H  NOT USED
P3M1 . . . . . . . . . . . . . . . .  D  ADDR  00D5H  NOT USED
P3M2 . . . . . . . . . . . . . . . .  D  ADDR  00E3H  NOT USED
P4 . . . . . . . . . . . . . . . . .  D  ADDR  00C0H  NOT USED
P4M1 . . . . . . . . . . . . . . . .  D  ADDR  00D6H  NOT USED
P4M2 . . . . . . . . . . . . . . . .  D  ADDR  00E4H  NOT USED
P5 . . . . . . . . . . . . . . . . .  D  ADDR  00E8H  NOT USED
PC . . . . . . . . . . . . . . . . .  B  ADDR  00BEH  NOT USED
PCON . . . . . . . . . . . . . . . .  D  ADDR  0087H  NOT USED
PPCL . . . . . . . . . . . . . . . .  B  ADDR  00BEH  NOT USED
PS . . . . . . . . . . . . . . . . .  B  ADDR  00BCH  NOT USED
PSL. . . . . . . . . . . . . . . . .  B  ADDR  00BCH  NOT USED
PSW. . . . . . . . . . . . . . . . .  D  ADDR  00D0H  NOT USED
PT0. . . . . . . . . . . . . . . . .  B  ADDR  00B9H  NOT USED
PT0L . . . . . . . . . . . . . . . .  B  ADDR  00B9H  NOT USED
PT1. . . . . . . . . . . . . . . . .  B  ADDR  00BBH  NOT USED
PT1L . . . . . . . . . . . . . . . .  B  ADDR  00BBH  NOT USED
PT2. . . . . . . . . . . . . . . . .  B  ADDR  00BDH  NOT USED
PT2L . . . . . . . . . . . . . . . .  B  ADDR  00BDH  NOT USED
PX0. . . . . . . . . . . . . . . . .  B  ADDR  00B8H  NOT USED
PX0L . . . . . . . . . . . . . . . .  B  ADDR  00B8H  NOT USED
PX1. . . . . . . . . . . . . . . . .  B  ADDR  00BAH  NOT USED
PX1L . . . . . . . . . . . . . . . .  B  ADDR  00BAH  NOT USED
RB8. . . . . . . . . . . . . . . . .  B  ADDR  009AH  NOT USED
RCAP2H . . . . . . . . . . . . . . .  D  ADDR  00CBH  NOT USED
RCAP2L . . . . . . . . . . . . . . .  D  ADDR  00CAH  NOT USED
RCLK . . . . . . . . . . . . . . . .  B  ADDR  00CDH  NOT USED
RD . . . . . . . . . . . . . . . . .  B  ADDR  00B7H  NOT USED
REN. . . . . . . . . . . . . . . . .  B  ADDR  009CH  NOT USED
RESET. . . . . . . . . . . . . . . .  C  ADDR  0000H  NOT USED
RI . . . . . . . . . . . . . . . . .  B  ADDR  0098H  NOT USED
ROWS . . . . . . . . . . . . . . . .  N  NUMB  0090H
RS0. . . . . . . . . . . . . . . . .  B  ADDR  00D3H  NOT USED
RS1. . . . . . . . . . . . . . . . .  B  ADDR  00D4H  NOT USED
RXD. . . . . . . . . . . . . . . . .  B  ADDR  00B0H  NOT USED
SADDR. . . . . . . . . . . . . . . .  D  ADDR  00A9H  NOT USED
SADDR_0. . . . . . . . . . . . . . .  D  ADDR  00A9H  NOT USED
SADDR_1. . . . . . . . . . . . . . .  D  ADDR  00AAH  NOT USED
SADEN. . . . . . . . . . . . . . . .  D  ADDR  00B9H  NOT USED
SADEN_0. . . . . . . . . . . . . . .  D  ADDR  00B9H  NOT USED
SADEN_1. . . . . . . . . . . . . . .  D  ADDR  00BAH  NOT USED
SBUF . . . . . . . . . . . . . . . .  D  ADDR  0099H  NOT USED
SCON . . . . . . . . . . . . . . . .  D  ADDR  0098H  NOT USED
SINT . . . . . . . . . . . . . . . .  C  ADDR  0023H  NOT USED
SM0. . . . . . . . . . . . . . . . .  B  ADDR  009FH  NOT USED
SM1. . . . . . . . . . . . . . . . .  B  ADDR  009EH  NOT USED
SM2. . . . . . . . . . . . . . . . .  B  ADDR  009DH  NOT USED
SP . . . . . . . . . . . . . . . . .  D  ADDR  0081H  NOT USED
SPCON. . . . . . . . . . . . . . . .  D  ADDR  00C3H  NOT USED
SPCR . . . . . . . . . . . . . . . .  D  ADDR  00D5H  NOT USED
SPDAT. . . . . . . . . . . . . . . .  D  ADDR  00C5H  NOT USED
SPDR . . . . . . . . . . . . . . . .  D  ADDR  0086H  NOT USED
SPIELER1 . . . . . . . . . . . . . .  N  NUMB  0038H
SPIELER2 . . . . . . . . . . . . . .  N  NUMB  0040H
SPIELER2AKTIV. . . . . . . . . . . .  N  NUMB  0030H
SPIELER_WECHSELN . . . . . . . . . .  C  ADDR  00FBH
SPIELER_ZWEI . . . . . . . . . . . .  C  ADDR  0104H
SPSR . . . . . . . . . . . . . . . .  D  ADDR  00AAH  NOT USED
SPSTA. . . . . . . . . . . . . . . .  D  ADDR  00C4H  NOT USED
T0 . . . . . . . . . . . . . . . . .  B  ADDR  00B4H  NOT USED
T1 . . . . . . . . . . . . . . . . .  B  ADDR  00B5H  NOT USED
T2CON. . . . . . . . . . . . . . . .  D  ADDR  00C8H  NOT USED
T2MOD. . . . . . . . . . . . . . . .  D  ADDR  00C9H  NOT USED
TB8. . . . . . . . . . . . . . . . .  B  ADDR  009BH  NOT USED
TCLK . . . . . . . . . . . . . . . .  B  ADDR  00CCH  NOT USED
TCON . . . . . . . . . . . . . . . .  D  ADDR  0088H  NOT USED
TF0. . . . . . . . . . . . . . . . .  B  ADDR  008DH  NOT USED
TF1. . . . . . . . . . . . . . . . .  B  ADDR  008FH  NOT USED
TF2. . . . . . . . . . . . . . . . .  B  ADDR  00CFH  NOT USED
TH0. . . . . . . . . . . . . . . . .  D  ADDR  008CH
TH1. . . . . . . . . . . . . . . . .  D  ADDR  008DH  NOT USED
TH2. . . . . . . . . . . . . . . . .  D  ADDR  00CDH  NOT USED
TI . . . . . . . . . . . . . . . . .  B  ADDR  0099H  NOT USED
TIMER. . . . . . . . . . . . . . . .  C  ADDR  0046H
TIMER0 . . . . . . . . . . . . . . .  C  ADDR  000BH  NOT USED
TIMER1 . . . . . . . . . . . . . . .  C  ADDR  001BH  NOT USED
TIMER2 . . . . . . . . . . . . . . .  C  ADDR  002BH  NOT USED
TIMER_DISPLAY. . . . . . . . . . . .  C  ADDR  0053H
TIMER_SHOW . . . . . . . . . . . . .  C  ADDR  004DH
TIMER_SPIELER2 . . . . . . . . . . .  C  ADDR  0059H
TIMER_SPIELER2_AN. . . . . . . . . .  C  ADDR  0064H
TL0. . . . . . . . . . . . . . . . .  D  ADDR  008AH
TL1. . . . . . . . . . . . . . . . .  D  ADDR  008BH  NOT USED
TL2. . . . . . . . . . . . . . . . .  D  ADDR  00CCH  NOT USED
TMOD . . . . . . . . . . . . . . . .  D  ADDR  0089H
TR0. . . . . . . . . . . . . . . . .  B  ADDR  008CH
TR1. . . . . . . . . . . . . . . . .  B  ADDR  008EH  NOT USED
TR2. . . . . . . . . . . . . . . . .  B  ADDR  00CAH  NOT USED
TXD. . . . . . . . . . . . . . . . .  B  ADDR  00B1H  NOT USED
VERGLEICH. . . . . . . . . . . . . .  C  ADDR  00D5H
WDTCON . . . . . . . . . . . . . . .  D  ADDR  00A7H  NOT USED
WDTPRG . . . . . . . . . . . . . . .  D  ADDR  00A7H  NOT USED
WDTRST . . . . . . . . . . . . . . .  D  ADDR  00A6H  NOT USED
WR . . . . . . . . . . . . . . . . .  B  ADDR  00B6H  NOT USED